// Jest Snapshot v1, https://jestjs.io/docs/snapshot-testing

exports[`OrdersModuleFT2 (FT2 — observability only) matches snapshot (structure only, no intelligence) 1`] = `
<div>
  <section
    data-testid="orders-ft2-root"
  >
    <section>
      <div>
        <strong>
          Period
        </strong>
        : 
        2025-01-01
         → 
        2025-01-31
      </div>
      <div>
        <strong>
          Orders observed
        </strong>
        :
         
        120
      </div>
    </section>
    <section>
      <div>
        <strong>
          Total revenue
        </strong>
        :
         
        18500 USD
      </div>
      <div>
        <strong>
          Total cost
        </strong>
        :
         
        14300 USD
      </div>
    </section>
    <section>
      <div>
        <strong>
          Net outcome
        </strong>
        :
         
        negative
      </div>
    </section>
    <section>
      <div>
        <strong>
          Trend
        </strong>
        :
         
        down
      </div>
    </section>
    <section>
      <div>
        <strong>
          Data coverage
        </strong>
        :
         
        82%
      </div>
    </section>
  </section>
</div>
`;
